interactions:
- request:
    body: '{"holy gosh": true}'
    headers:
      Accept: [application/json]
      Content-Length: ['19']
      Content-Type: [application/json]
      User-Agent: [python-requests/1.2.0 porc/0.4.0]
    method: POST
    uri: https://api.orchestrate.io:443/v0/COLLECTION_2
  response:
    body: {string: !!python/unicode ''}
    headers:
      connection: [keep-alive]
      content-type: [application/json]
      date: ['Sat, 13 Dec 2014 00:16:23 GMT']
      etag: ['"3a604646e216334b"']
      location: [/v0/COLLECTION_2/06f5e75838207c8e/refs/3a604646e216334b]
      transfer-encoding: [chunked]
      x-orchestrate-req-id: [451067f0-825d-11e4-a6de-22000a0d84a1]
    status: {code: 201, message: Created}
- request:
    body: '{"holy gosh": true}'
    headers:
      Accept: [application/json]
      Content-Length: ['19']
      Content-Type: [application/json]
      User-Agent: [python-requests/1.2.0 porc/0.4.0]
    method: POST
    uri: https://api.orchestrate.io:443/v0/COLLECTION_2
  response:
    body: {string: !!python/unicode ''}
    headers:
      connection: [keep-alive]
      content-type: [application/json]
      date: ['Sat, 13 Dec 2014 00:16:23 GMT']
      etag: ['"3a604646e216334b"']
      location: [/v0/COLLECTION_2/06f5e7583a20bc59/refs/3a604646e216334b]
      transfer-encoding: [chunked]
      x-orchestrate-req-id: [45110430-825d-11e4-a439-12313d2f7cdc]
    status: {code: 201, message: Created}
- request:
    body: '{"holy gosh": true}'
    headers:
      Accept: [application/json]
      Content-Length: ['19']
      Content-Type: [application/json]
      User-Agent: [python-requests/1.2.0 porc/0.4.0]
    method: POST
    uri: https://api.orchestrate.io:443/v0/COLLECTION_2
  response:
    body: {string: !!python/unicode ''}
    headers:
      connection: [keep-alive]
      content-type: [application/json]
      date: ['Sat, 13 Dec 2014 00:16:23 GMT']
      etag: ['"3a604646e216334b"']
      location: [/v0/COLLECTION_2/06f5e758b720c0cf/refs/3a604646e216334b]
      transfer-encoding: [chunked]
      x-orchestrate-req-id: [452e5030-825d-11e4-a70c-12313d2f9238]
    status: {code: 201, message: Created}
- request:
    body: null
    headers:
      Accept: [application/json]
      Content-Type: [application/json]
      User-Agent: [python-requests/1.2.0 porc/0.4.0]
    method: GET
    uri: https://api.orchestrate.io:443/v0/COLLECTION_2/06f5e7583a20bc59
  response:
    body: {string: !!python/unicode '{"holy gosh":true}'}
    headers:
      connection: [keep-alive]
      content-location: [/v0/COLLECTION_2/06f5e7583a20bc59/refs/3a604646e216334b]
      content-type: [application/json]
      date: ['Sat, 13 Dec 2014 00:16:23 GMT']
      etag: ['"3a604646e216334b"']
      last-modified: ['Sat, 13 Dec 2014 00:16:23 GMT']
      transfer-encoding: [chunked]
      vary: [Accept-Encoding]
      x-orchestrate-req-id: [4573e4b0-825d-11e4-a439-12313d2f7cdc]
    status: {code: 200, message: OK}
- request:
    body: null
    headers:
      Accept: [application/json]
      Content-Type: [application/json]
      User-Agent: [python-requests/1.2.0 porc/0.4.0]
    method: GET
    uri: https://api.orchestrate.io:443/v0/COLLECTION_2/06f5e758b720c0cf
  response:
    body: {string: !!python/unicode '{"holy gosh":true}'}
    headers:
      connection: [keep-alive]
      content-location: [/v0/COLLECTION_2/06f5e758b720c0cf/refs/3a604646e216334b]
      content-type: [application/json]
      date: ['Sat, 13 Dec 2014 00:16:23 GMT']
      etag: ['"3a604646e216334b"']
      last-modified: ['Sat, 13 Dec 2014 00:16:23 GMT']
      transfer-encoding: [chunked]
      vary: [Accept-Encoding]
      x-orchestrate-req-id: [458c9cd0-825d-11e4-a70c-12313d2f9238]
    status: {code: 200, message: OK}
- request:
    body: null
    headers:
      Accept: [application/json]
      Content-Type: [application/json]
      User-Agent: [python-requests/1.2.0 porc/0.4.0]
    method: GET
    uri: https://api.orchestrate.io:443/v0/COLLECTION_2/06f5e75838207c8e
  response:
    body: {string: !!python/unicode '{"holy gosh":true}'}
    headers:
      connection: [keep-alive]
      content-location: [/v0/COLLECTION_2/06f5e75838207c8e/refs/3a604646e216334b]
      content-type: [application/json]
      date: ['Sat, 13 Dec 2014 00:16:23 GMT']
      etag: ['"3a604646e216334b"']
      last-modified: ['Sat, 13 Dec 2014 00:16:23 GMT']
      transfer-encoding: [chunked]
      vary: [Accept-Encoding]
      x-orchestrate-req-id: [45728520-825d-11e4-a6de-22000a0d84a1]
    status: {code: 200, message: OK}
- request:
    body: null
    headers:
      Accept: [application/json]
      Content-Length: ['0']
      Content-Type: [application/json]
      User-Agent: [python-requests/1.2.0 porc/0.4.0]
    method: DELETE
    uri: https://api.orchestrate.io:443/v0/COLLECTION_2/06f5e7583a20bc59?purge=true
  response:
    body: {string: !!python/unicode ''}
    headers:
      connection: [keep-alive]
      content-type: [application/json]
      date: ['Sat, 13 Dec 2014 00:16:25 GMT']
      x-orchestrate-req-id: [467eec10-825d-11e4-a70c-12313d2f9238]
    status: {code: 204, message: No Content}
- request:
    body: null
    headers:
      Accept: [application/json]
      Content-Length: ['0']
      Content-Type: [application/json]
      User-Agent: [python-requests/1.2.0 porc/0.4.0]
    method: DELETE
    uri: https://api.orchestrate.io:443/v0/COLLECTION_2/06f5e75838207c8e?purge=true
  response:
    body: {string: !!python/unicode ''}
    headers:
      connection: [keep-alive]
      content-type: [application/json]
      date: ['Sat, 13 Dec 2014 00:16:25 GMT']
      x-orchestrate-req-id: [467eec10-825d-11e4-a6de-22000a0d84a1]
    status: {code: 204, message: No Content}
- request:
    body: null
    headers:
      Accept: [application/json]
      Content-Length: ['0']
      Content-Type: [application/json]
      User-Agent: [python-requests/1.2.0 porc/0.4.0]
    method: DELETE
    uri: https://api.orchestrate.io:443/v0/COLLECTION_2/06f5e758b720c0cf?purge=true
  response:
    body: {string: !!python/unicode ''}
    headers:
      connection: [keep-alive]
      content-type: [application/json]
      date: ['Sat, 13 Dec 2014 00:16:25 GMT']
      x-orchestrate-req-id: [46913b90-825d-11e4-a6de-22000a0d84a1]
    status: {code: 204, message: No Content}
version: 1
