interactions:
- request:
    body: '{"derp": true}'
    headers:
      Accept: [application/json]
      Authorization: [!!python/unicode Basic NGUyODI4MmMtOWI4Yy00NGU5LTljM2ItOTI5OTEyMjFhOWVkOg==]
      Content-Length: ['14']
      Content-Type: [application/json]
      User-Agent: [python-requests/1.2.0 porc/0.3.0]
    method: POST
    uri: https://api.orchestrate.io:443/v0/COLLECTION_1
  response:
    body: {string: !!python/unicode ''}
    headers:
      connection: [keep-alive]
      content-type: [application/json]
      date: ['Wed, 09 Jul 2014 06:36:25 GMT']
      etag: ['"e3f664c2807f4787"']
      location: [/v0/COLLECTION_1/03cebcdd6d205173/refs/e3f664c2807f4787]
      transfer-encoding: [chunked]
      x-orchestrate-req-id: [59a8f8d0-0733-11e4-94dc-22000a0d84a1]
    status: {code: 201, message: Created}
- request:
    body: null
    headers:
      Accept: [application/json]
      Authorization: [!!python/unicode Basic NGUyODI4MmMtOWI4Yy00NGU5LTljM2ItOTI5OTEyMjFhOWVkOg==]
      Content-Type: [application/json]
      User-Agent: [python-requests/1.2.0 porc/0.3.0]
    method: GET
    uri: https://api.orchestrate.io:443/v0/COLLECTION_1/03cebcdd6d205173/refs/e3f664c2807f4787
  response:
    body: {string: !!python/unicode '{"derp":true}'}
    headers:
      connection: [keep-alive]
      content-type: [application/json]
      date: ['Wed, 09 Jul 2014 06:36:25 GMT']
      etag: ['"e3f664c2807f4787"']
      transfer-encoding: [chunked]
      vary: [Accept-Encoding]
      x-orchestrate-req-id: [59d279d0-0733-11e4-9662-12313d2f9238]
    status: {code: 200, message: OK}
- request:
    body: null
    headers:
      Accept: [application/json]
      Authorization: [!!python/unicode Basic NGUyODI4MmMtOWI4Yy00NGU5LTljM2ItOTI5OTEyMjFhOWVkOg==]
      Content-Length: ['0']
      Content-Type: [application/json]
      If-Match: ['"e3f664c2807f4787"']
      User-Agent: [python-requests/1.2.0 porc/0.3.0]
    method: DELETE
    uri: https://api.orchestrate.io:443/v0/COLLECTION_1/03cebcdd6d205173
  response:
    body: {string: !!python/unicode ''}
    headers:
      connection: [keep-alive]
      content-type: [application/json]
      date: ['Wed, 09 Jul 2014 06:36:26 GMT']
      x-orchestrate-req-id: [59e64ff0-0733-11e4-95a6-12313d2f7cdc]
    status: {code: 204, message: No Content}
- request:
    body: null
    headers:
      Accept: [application/json]
      Authorization: [!!python/unicode Basic NGUyODI4MmMtOWI4Yy00NGU5LTljM2ItOTI5OTEyMjFhOWVkOg==]
      Content-Length: ['0']
      Content-Type: [application/json]
      User-Agent: [python-requests/1.2.0 porc/0.3.0]
    method: DELETE
    uri: https://api.orchestrate.io:443/v0/COLLECTION_1/03cebcdd6d205173?purge=true
  response:
    body: {string: !!python/unicode ''}
    headers:
      connection: [keep-alive]
      content-type: [application/json]
      date: ['Wed, 09 Jul 2014 06:36:26 GMT']
      x-orchestrate-req-id: [59f8ed90-0733-11e4-94dc-22000a0d84a1]
    status: {code: 204, message: No Content}
version: 1
