interactions:
- request:
    body: null
    headers:
      Accept: [application/json]
      Content-Length: ['0']
      Content-Type: [application/json]
      User-Agent: [python-requests/1.2.0 porc/0.4.0]
    method: DELETE
    uri: https://api.orchestrate.io:443/v0/COLLECTION_1/KEY_1?purge=true
  response:
    body: {string: !!python/unicode ''}
    headers:
      connection: [keep-alive]
      content-type: [application/json]
      date: ['Sat, 13 Dec 2014 00:16:41 GMT']
      x-orchestrate-req-id: [5003c030-825d-11e4-a439-12313d2f7cdc]
    status: {code: 204, message: No Content}
- request:
    body: '{"herp": false, "derp": true}'
    headers:
      Accept: [application/json]
      Content-Length: ['29']
      Content-Type: [application/json]
      If-None-Match: ['"*"']
      User-Agent: [python-requests/1.2.0 porc/0.4.0]
    method: PUT
    uri: https://api.orchestrate.io:443/v0/COLLECTION_1/KEY_1
  response:
    body: {string: !!python/unicode ''}
    headers:
      connection: [keep-alive]
      content-type: [application/json]
      date: ['Sat, 13 Dec 2014 00:16:41 GMT']
      etag: ['"8934e0bb22a73b87"']
      location: [/v0/COLLECTION_1/KEY_1/refs/8934e0bb22a73b87]
      transfer-encoding: [chunked]
      x-orchestrate-req-id: [5014d730-825d-11e4-a70c-12313d2f9238]
    status: {code: 201, message: Created}
- request:
    body: null
    headers:
      Accept: [application/json]
      Content-Type: [application/json]
      User-Agent: [python-requests/1.2.0 porc/0.4.0]
    method: GET
    uri: https://api.orchestrate.io:443/v0/COLLECTION_1/KEY_1
  response:
    body: {string: !!python/unicode '{"herp":false,"derp":true}'}
    headers:
      connection: [keep-alive]
      content-location: [/v0/COLLECTION_1/KEY_1/refs/8934e0bb22a73b87]
      content-type: [application/json]
      date: ['Sat, 13 Dec 2014 00:16:41 GMT']
      etag: ['"8934e0bb22a73b87"']
      last-modified: ['Sat, 13 Dec 2014 00:16:41 GMT']
      transfer-encoding: [chunked]
      vary: [Accept-Encoding]
      x-orchestrate-req-id: [50263c50-825d-11e4-a6de-22000a0d84a1]
    status: {code: 200, message: OK}
- request:
    body: '{"derp": false}'
    headers:
      Accept: [application/json]
      Content-Length: ['15']
      Content-Type: [application/json]
      If-Match: ['"8934e0bb22a73b87"']
      User-Agent: [python-requests/1.2.0 porc/0.4.0]
    method: PUT
    uri: https://api.orchestrate.io:443/v0/COLLECTION_1/KEY_1
  response:
    body: {string: !!python/unicode ''}
    headers:
      connection: [keep-alive]
      content-type: [application/json]
      date: ['Sat, 13 Dec 2014 00:16:41 GMT']
      etag: ['"5f32adff836dcaee"']
      location: [/v0/COLLECTION_1/KEY_1/refs/5f32adff836dcaee]
      transfer-encoding: [chunked]
      x-orchestrate-req-id: [5037a170-825d-11e4-a439-12313d2f7cdc]
    status: {code: 201, message: Created}
- request:
    body: '{"derp": true}'
    headers:
      Accept: [application/json]
      Content-Length: ['14']
      Content-Type: [application/json]
      User-Agent: [python-requests/1.2.0 porc/0.4.0]
    method: PUT
    uri: https://api.orchestrate.io:443/v0/COLLECTION_1/KEY_1
  response:
    body: {string: !!python/unicode ''}
    headers:
      connection: [keep-alive]
      content-type: [application/json]
      date: ['Sat, 13 Dec 2014 00:16:41 GMT']
      etag: ['"e3f664c2807f4787"']
      location: [/v0/COLLECTION_1/KEY_1/refs/e3f664c2807f4787]
      transfer-encoding: [chunked]
      x-orchestrate-req-id: [5048b870-825d-11e4-a70c-12313d2f9238]
    status: {code: 201, message: Created}
- request:
    body: null
    headers:
      Accept: [application/json]
      Content-Length: ['0']
      Content-Type: [application/json]
      User-Agent: [python-requests/1.2.0 porc/0.4.0]
    method: DELETE
    uri: https://api.orchestrate.io:443/v0/COLLECTION_1/KEY_1?purge=true
  response:
    body: {string: !!python/unicode ''}
    headers:
      connection: [keep-alive]
      content-type: [application/json]
      date: ['Sat, 13 Dec 2014 00:16:41 GMT']
      x-orchestrate-req-id: [505b07f0-825d-11e4-a6de-22000a0d84a1]
    status: {code: 204, message: No Content}
version: 1
